282.783
8.6472
43.5194
36.4233
24.7686
15.4045
9.14395
5.26806
2.97263
1.65203
0.907484
0.493922
0.266844
0.143291
0.0765577
0.0407308
0.0215926
0.0114121
0.00601576
0.00316403
0.00166092
0.000870403
0.000455464
0.000238029
0.000124255
6.4799e-005
